<?xml version="1.0" encoding="utf-8"?><testsuites><testsuite name="pytest" errors="0" failures="0" skipped="0" tests="35" time="0.191" timestamp="2021-05-08T15:19:03.867271" hostname="adityai.hsd1.ca.comcast.net"><testcase classname="tests.test_marstime" name="test_numpy_or_math" time="0.001" /><testcase classname="tests.test_marstime" name="test_west_to_east" time="0.000" /><testcase classname="tests.test_marstime" name="test_east_to_west" time="0.000" /><testcase classname="tests.test_marstime" name="test_j2000_epoch" time="0.000" /><testcase classname="tests.test_marstime" name="test_mills" time="0.000" /><testcase classname="tests.test_marstime" name="test_julian" time="0.000" /><testcase classname="tests.test_marstime" name="test_utc_to_tt_offset" time="0.001" /><testcase classname="tests.test_marstime" name="test_julian_tt" time="0.001" /><testcase classname="tests.test_marstime" name="test_j2000_offset_tt" time="0.001" /><testcase classname="tests.test_marstime" name="test_Mars_Mean_Anomaly" time="0.001" /><testcase classname="tests.test_marstime" name="test_FMS_Angle" time="0.001" /><testcase classname="tests.test_marstime" name="test_alpha_perturbs" time="0.001" /><testcase classname="tests.test_marstime" name="test_equation_of_center" time="0.001" /><testcase classname="tests.test_marstime" name="test_Mars_Ls" time="0.001" /><testcase classname="tests.test_marstime" name="test_equation_of_time" time="0.001" /><testcase classname="tests.test_marstime" name="test_j2000_from_Mars_Solar_Date" time="0.000" /><testcase classname="tests.test_marstime" name="test_j2000_ott_from_Mars_Solar_Date" time="0.001" /><testcase classname="tests.test_marstime" name="test_Clancy_Year" time="0.000" /><testcase classname="tests.test_marstime" name="test_marstime_Year" time="0.001" /><testcase classname="tests.test_marstime" name="test_Coordinated_Mars_Time" time="0.000" /><testcase classname="tests.test_marstime" name="test_Local_Mean_Solar_Time" time="0.000" /><testcase classname="tests.test_marstime" name="test_Local_True_Solar_Time" time="0.001" /><testcase classname="tests.test_marstime" name="test_subsolar_longitude" time="0.001" /><testcase classname="tests.test_marstime" name="test_solar_declination" time="0.000" /><testcase classname="tests.test_marstime" name="test_heliocentric_distance" time="0.000" /><testcase classname="tests.test_marstime" name="test_heliocentric_longitude" time="0.001" /><testcase classname="tests.test_marstime" name="test_heliocentric_latitude" time="0.001" /><testcase classname="tests.test_marstime" name="test_hourangle" time="0.001" /><testcase classname="tests.test_marstime" name="test_solar_zenith" time="0.001" /><testcase classname="tests.test_marstime" name="test_solar_zenith_and_elevation" time="0.001" /><testcase classname="tests.test_marstime" name="test_solar_azimuth" time="0.001" /><testcase classname="tests.test_marstime" name="test_on_mills" time="0.001" /><testcase classname="tests.test_marstime" name="test_midnight_crossing" time="0.001" /><testcase classname="tests.test_marstime" name="test_spirit_landing" time="0.001" /><testcase classname="tests.test_marstime" name="test_math_vs_numpy" time="0.001" /></testsuite></testsuites>